Archive member included to satisfy reference by file (symbol)

/home/matt/opt/xPacks/@gnu-mcu-eclipse/arm-none-eabi-gcc/8.2.1-1.7.1/.content/bin/../lib/gcc/arm-none-eabi/8.2.1/thumb/v7e-m+fp/hard/libgcc.a(unwind-arm.o)
                              ./source/main.o (__aeabi_unwind_cpp_pr1)
/home/matt/opt/xPacks/@gnu-mcu-eclipse/arm-none-eabi-gcc/8.2.1-1.7.1/.content/bin/../lib/gcc/arm-none-eabi/8.2.1/thumb/v7e-m+fp/hard/libgcc.a(libunwind.o)
                              /home/matt/opt/xPacks/@gnu-mcu-eclipse/arm-none-eabi-gcc/8.2.1-1.7.1/.content/bin/../lib/gcc/arm-none-eabi/8.2.1/thumb/v7e-m+fp/hard/libgcc.a(unwind-arm.o) (restore_core_regs)
/home/matt/opt/xPacks/@gnu-mcu-eclipse/arm-none-eabi-gcc/8.2.1-1.7.1/.content/bin/../lib/gcc/arm-none-eabi/8.2.1/thumb/v7e-m+fp/hard/libgcc.a(pr-support.o)
                              /home/matt/opt/xPacks/@gnu-mcu-eclipse/arm-none-eabi-gcc/8.2.1-1.7.1/.content/bin/../lib/gcc/arm-none-eabi/8.2.1/thumb/v7e-m+fp/hard/libgcc.a(unwind-arm.o) (__gnu_unwind_execute)
/home/matt/opt/xPacks/@gnu-mcu-eclipse/arm-none-eabi-gcc/8.2.1-1.7.1/.content/bin/../lib/gcc/arm-none-eabi/8.2.1/../../../../arm-none-eabi/lib/thumb/v7e-m+fp/hard/libg.a(lib_a-abort.o)
                              /home/matt/opt/xPacks/@gnu-mcu-eclipse/arm-none-eabi-gcc/8.2.1-1.7.1/.content/bin/../lib/gcc/arm-none-eabi/8.2.1/thumb/v7e-m+fp/hard/libgcc.a(unwind-arm.o) (abort)
/home/matt/opt/xPacks/@gnu-mcu-eclipse/arm-none-eabi-gcc/8.2.1-1.7.1/.content/bin/../lib/gcc/arm-none-eabi/8.2.1/../../../../arm-none-eabi/lib/thumb/v7e-m+fp/hard/libg.a(lib_a-exit.o)
                              /home/matt/opt/xPacks/@gnu-mcu-eclipse/arm-none-eabi-gcc/8.2.1-1.7.1/.content/bin/../lib/gcc/arm-none-eabi/8.2.1/../../../../arm-none-eabi/lib/thumb/v7e-m+fp/hard/crt0.o (exit)
/home/matt/opt/xPacks/@gnu-mcu-eclipse/arm-none-eabi-gcc/8.2.1-1.7.1/.content/bin/../lib/gcc/arm-none-eabi/8.2.1/../../../../arm-none-eabi/lib/thumb/v7e-m+fp/hard/libg.a(lib_a-impure.o)
                              /home/matt/opt/xPacks/@gnu-mcu-eclipse/arm-none-eabi-gcc/8.2.1-1.7.1/.content/bin/../lib/gcc/arm-none-eabi/8.2.1/../../../../arm-none-eabi/lib/thumb/v7e-m+fp/hard/libg.a(lib_a-exit.o) (_global_impure_ptr)
/home/matt/opt/xPacks/@gnu-mcu-eclipse/arm-none-eabi-gcc/8.2.1-1.7.1/.content/bin/../lib/gcc/arm-none-eabi/8.2.1/../../../../arm-none-eabi/lib/thumb/v7e-m+fp/hard/libg.a(lib_a-init.o)
                              /home/matt/opt/xPacks/@gnu-mcu-eclipse/arm-none-eabi-gcc/8.2.1-1.7.1/.content/bin/../lib/gcc/arm-none-eabi/8.2.1/../../../../arm-none-eabi/lib/thumb/v7e-m+fp/hard/crt0.o (__libc_init_array)
/home/matt/opt/xPacks/@gnu-mcu-eclipse/arm-none-eabi-gcc/8.2.1-1.7.1/.content/bin/../lib/gcc/arm-none-eabi/8.2.1/../../../../arm-none-eabi/lib/thumb/v7e-m+fp/hard/libg.a(lib_a-memcpy.o)
                              /home/matt/opt/xPacks/@gnu-mcu-eclipse/arm-none-eabi-gcc/8.2.1-1.7.1/.content/bin/../lib/gcc/arm-none-eabi/8.2.1/thumb/v7e-m+fp/hard/libgcc.a(unwind-arm.o) (memcpy)
/home/matt/opt/xPacks/@gnu-mcu-eclipse/arm-none-eabi-gcc/8.2.1-1.7.1/.content/bin/../lib/gcc/arm-none-eabi/8.2.1/../../../../arm-none-eabi/lib/thumb/v7e-m+fp/hard/libg.a(lib_a-memset.o)
                              /home/matt/opt/xPacks/@gnu-mcu-eclipse/arm-none-eabi-gcc/8.2.1-1.7.1/.content/bin/../lib/gcc/arm-none-eabi/8.2.1/../../../../arm-none-eabi/lib/thumb/v7e-m+fp/hard/crt0.o (memset)
/home/matt/opt/xPacks/@gnu-mcu-eclipse/arm-none-eabi-gcc/8.2.1-1.7.1/.content/bin/../lib/gcc/arm-none-eabi/8.2.1/../../../../arm-none-eabi/lib/thumb/v7e-m+fp/hard/libg.a(lib_a-signal.o)
                              /home/matt/opt/xPacks/@gnu-mcu-eclipse/arm-none-eabi-gcc/8.2.1-1.7.1/.content/bin/../lib/gcc/arm-none-eabi/8.2.1/../../../../arm-none-eabi/lib/thumb/v7e-m+fp/hard/libg.a(lib_a-abort.o) (raise)
/home/matt/opt/xPacks/@gnu-mcu-eclipse/arm-none-eabi-gcc/8.2.1-1.7.1/.content/bin/../lib/gcc/arm-none-eabi/8.2.1/../../../../arm-none-eabi/lib/thumb/v7e-m+fp/hard/libg.a(lib_a-signalr.o)
                              /home/matt/opt/xPacks/@gnu-mcu-eclipse/arm-none-eabi-gcc/8.2.1-1.7.1/.content/bin/../lib/gcc/arm-none-eabi/8.2.1/../../../../arm-none-eabi/lib/thumb/v7e-m+fp/hard/libg.a(lib_a-signal.o) (_kill_r)
/home/matt/opt/xPacks/@gnu-mcu-eclipse/arm-none-eabi-gcc/8.2.1-1.7.1/.content/bin/../lib/gcc/arm-none-eabi/8.2.1/../../../../arm-none-eabi/lib/thumb/v7e-m+fp/hard/libg.a(lib_a-__call_atexit.o)
                              /home/matt/opt/xPacks/@gnu-mcu-eclipse/arm-none-eabi-gcc/8.2.1-1.7.1/.content/bin/../lib/gcc/arm-none-eabi/8.2.1/../../../../arm-none-eabi/lib/thumb/v7e-m+fp/hard/libg.a(lib_a-exit.o) (__call_exitprocs)
/home/matt/opt/xPacks/@gnu-mcu-eclipse/arm-none-eabi-gcc/8.2.1-1.7.1/.content/bin/../lib/gcc/arm-none-eabi/8.2.1/../../../../arm-none-eabi/lib/thumb/v7e-m+fp/hard/libg.a(lib_a-atexit.o)
[...]
Memory Configuration

Name             Origin             Length             Attributes
ROM              0x0000000000000000 0x0000000000200000 xr
IROM2            0x0000000000406000 0x000000000000a000 xr
RAM              0x000000001ffd0000 0x0000000000030000 xrw
IRAM2            0x0000000020038000 0x0000000000010000 xrw
*default*        0x0000000000000000 0xffffffffffffffff

Linker script and memory map

LOAD /home/matt/opt/xPacks/@gnu-mcu-eclipse/arm-none-eabi-gcc/8.2.1-1.7.1/.content/bin/../lib/gcc/arm-none-eabi/8.2.1/thumb/v7e-m+fp/hard/crti.o
LOAD /home/matt/opt/xPacks/@gnu-mcu-eclipse/arm-none-eabi-gcc/8.2.1-1.7.1/.content/bin/../lib/gcc/arm-none-eabi/8.2.1/thumb/v7e-m+fp/hard/crtbegin.o
LOAD /home/matt/opt/xPacks/@gnu-mcu-eclipse/arm-none-eabi-gcc/8.2.1-1.7.1/.content/bin/../lib/gcc/arm-none-eabi/8.2.1/../../../../arm-none-eabi/lib/thumb/v7e-m+fp/hard/crt0.o
LOAD ./utilities/seg_lcd/tsdh1188/tsdh1188.o
LOAD ./utilities/seg_lcd/cl010/cl010.o
LOAD ./utilities/sdram/is42s16800.o
LOAD ./utilities/sd_card/sd_card.o
LOAD ./utilities/sd_card/sd_cmd.o
LOAD ./utilities/qspi_flash/flashS25FL164K.o
LOAD ./utilities/printf_scanf/uart_io.o
LOAD ./utilities/nand_flash/s34ml01g.o
LOAD ./utilities/i2s_codec/wm8731.o
LOAD ./utilities/hyper_flash/s26kl512s.o
LOAD ./utilities/eeprom/i2c_int_at24cxx.o
LOAD ./utilities/eeprom/i2c_polling_at24cxx.o
LOAD ./source/main.o
LOAD ./drivers/wdg/hwwdg.o
LOAD ./drivers/wdg/swwdg.o
LOAD ./drivers/wc/wc.o
LOAD ./drivers/vbat/vbat.o
LOAD ./drivers/uid/uid.o
LOAD ./drivers/sdif/sdif.o
LOAD ./drivers/rtc/rtc.o
LOAD ./drivers/reset/reset.o
LOAD ./drivers/rc/rc.o
LOAD ./drivers/qprc/qprc.o
LOAD ./drivers/ppg/ppg.o
LOAD ./drivers/pcrc/pcrc.o
LOAD ./drivers/mft/mft_adcmp.o
LOAD ./drivers/mft/mft_frt.o
LOAD ./drivers/mft/mft_icu.o
LOAD ./drivers/mft/mft_ocu.o
LOAD ./drivers/mft/mft_wfg.o
LOAD ./drivers/mfs/mfs.o
LOAD ./drivers/lvd/lvd.o
LOAD ./drivers/lpm/lpm.o
LOAD ./drivers/lcd/lcd.o
LOAD ./drivers/icc/icc.o
LOAD ./drivers/i2s/i2s.o
LOAD ./drivers/i2cs/i2cs.o
LOAD ./drivers/hsspi/hsspi.o
LOAD ./drivers/hbif/hbif.o
LOAD ./drivers/flash/dualflash.o
LOAD ./drivers/flash/mainflash.o
LOAD ./drivers/flash/workflash.o
LOAD ./drivers/extif/extif.o
LOAD ./drivers/exint/exint.o
LOAD ./drivers/dt/dt.o
LOAD ./drivers/dstc/dstc.o
LOAD ./drivers/dma/dma.o
LOAD ./drivers/dac/dac.o
LOAD ./drivers/csv/csv.o
LOAD ./drivers/crc/crc.o
LOAD ./drivers/cr/cr.o
LOAD ./drivers/clk/clk.o
LOAD ./drivers/can/can.o
LOAD ./drivers/can/can_pre.o
LOAD ./drivers/can/canfd.o
LOAD ./drivers/bt/bt.o
LOAD ./drivers/adc/adc.o
LOAD ./drivers/interrupts_fm0p_type_1-a.o
LOAD ./drivers/interrupts_fm0p_type_1-b.o
LOAD ./drivers/interrupts_fm0p_type_2-a.o
LOAD ./drivers/interrupts_fm0p_type_2-b.o
LOAD ./drivers/interrupts_fm0p_type_3.o
LOAD ./drivers/interrupts_fm3_type_a.o
LOAD ./drivers/interrupts_fm3_type_b.o
LOAD ./drivers/interrupts_fm3_type_c.o
LOAD ./drivers/interrupts_fm4_type_a.o
LOAD ./drivers/interrupts_fm4_type_b.o
LOAD ./drivers/interrupts_fm4_type_c.o
LOAD ./drivers/pdl.o
LOAD ./RTE/Device/S6E2CCAJ0A/startup_s6e2cc.o
LOAD ./RTE/Device/S6E2CCAJ0A/system_s6e2cc.o
LOAD /home/matt/Packages/ARM/CMSIS/5.6.0/CMSIS/DSP/Lib/GCC/libarm_cortexM4lf_math.a
LOAD /home/matt/opt/xPacks/@gnu-mcu-eclipse/arm-none-eabi-gcc/8.2.1-1.7.1/.content/bin/../lib/gcc/arm-none-eabi/8.2.1/../../../../arm-none-eabi/lib/thumb/v7e-m+fp/hard/libstdc++.a
LOAD /home/matt/opt/xPacks/@gnu-mcu-eclipse/arm-none-eabi-gcc/8.2.1-1.7.1/.content/bin/../lib/gcc/arm-none-eabi/8.2.1/../../../../arm-none-eabi/lib/thumb/v7e-m+fp/hard/libm.a
START GROUP
LOAD /home/matt/opt/xPacks/@gnu-mcu-eclipse/arm-none-eabi-gcc/8.2.1-1.7.1/.content/bin/../lib/gcc/arm-none-eabi/8.2.1/thumb/v7e-m+fp/hard/libgcc.a
LOAD /home/matt/opt/xPacks/@gnu-mcu-eclipse/arm-none-eabi-gcc/8.2.1-1.7.1/.content/bin/../lib/gcc/arm-none-eabi/8.2.1/../../../../arm-none-eabi/lib/thumb/v7e-m+fp/hard/libg.a
LOAD /home/matt/opt/xPacks/@gnu-mcu-eclipse/arm-none-eabi-gcc/8.2.1-1.7.1/.content/bin/../lib/gcc/arm-none-eabi/8.2.1/../../../../arm-none-eabi/lib/thumb/v7e-m+fp/hard/libc.a
END GROUP
START GROUP
LOAD /home/matt/opt/xPacks/@gnu-mcu-eclipse/arm-none-eabi-gcc/8.2.1-1.7.1/.content/bin/../lib/gcc/arm-none-eabi/8.2.1/thumb/v7e-m+fp/hard/libgcc.a
LOAD /home/matt/opt/xPacks/@gnu-mcu-eclipse/arm-none-eabi-gcc/8.2.1-1.7.1/.content/bin/../lib/gcc/arm-none-eabi/8.2.1/../../../../arm-none-eabi/lib/thumb/v7e-m+fp/hard/libc.a
LOAD /home/matt/opt/xPacks/@gnu-mcu-eclipse/arm-none-eabi-gcc/8.2.1-1.7.1/.content/bin/../lib/gcc/arm-none-eabi/8.2.1/../../../../arm-none-eabi/lib/thumb/v7e-m+fp/hard/libnosys.a
END GROUP
LOAD /home/matt/opt/xPacks/@gnu-mcu-eclipse/arm-none-eabi-gcc/8.2.1-1.7.1/.content/bin/../lib/gcc/arm-none-eabi/8.2.1/thumb/v7e-m+fp/hard/crtend.o
LOAD /home/matt/opt/xPacks/@gnu-mcu-eclipse/arm-none-eabi-gcc/8.2.1-1.7.1/.content/bin/../lib/gcc/arm-none-eabi/8.2.1/thumb/v7e-m+fp/hard/crtn.o
START GROUP
LOAD /home/matt/opt/xPacks/@gnu-mcu-eclipse/arm-none-eabi-gcc/8.2.1-1.7.1/.content/bin/../lib/gcc/arm-none-eabi/8.2.1/thumb/v7e-m+fp/hard/libgcc.a
LOAD /home/matt/opt/xPacks/@gnu-mcu-eclipse/arm-none-eabi-gcc/8.2.1-1.7.1/.content/bin/../lib/gcc/arm-none-eabi/8.2.1/../../../../arm-none-eabi/lib/thumb/v7e-m+fp/hard/libc.a
END GROUP
                0x0000000020000000                PROVIDE (__FM_stack = (__FM_region_start_ram + __FM_region_size_ram))
                [!provide]                        PROVIDE (__FM_stack_size = ((__FM_region_start_ram + __FM_region_size_ram) - _end))
                [!provide]                        PROVIDE (__FM_heap_start = _end)
                [!provide]                        PROVIDE (__FM_heap_end = (__FM_region_start_ram + __FM_region_size_ram))

.text           0x0000000000000000     0x1be0
 CREATE_OBJECT_SYMBOLS
                0x0000000000000000                __FM_region_start_rom = .
 *(.FM.region-head.ROM)
                0x0000000000000000                __FM_interrupt_vector = __FM_interrupt_vector_cortex_m
 *(.FM.interrupt_vector)
 .FM.interrupt_vector
                0x0000000000000000      0x240 ./RTE/Device/S6E2CCAJ0A/startup_s6e2cc.o
                0x0000000000000000                __FM_interrupt_vector_cortex_m
                0x0000000000000001                ASSERT ((. != __FM_interrupt_vector_cortex_m), No interrupt vector)
 *(.ROM)
 *(.ROM.b)
                0x0000000000000240                __FM_reset = __FM_reset_cortex_m
 *(.FM.reset)
 .FM.reset      0x0000000000000240       0x60 ./RTE/Device/S6E2CCAJ0A/startup_s6e2cc.o
                0x0000000000000240                __FM_reset_cortex_m
                0x0000000000000001                ASSERT ((. != __FM_reset), No reset code)
 *(.text .text.* .gnu.linkonce.t.*)
 .text._ZL21RtUnderflowIrqHandlerv
                0x00000000000002a0       0x48 ./source/main.o
 .text.main     0x00000000000002e8       0xe0 ./source/main.o
                0x00000000000002e8                main
 .text.__NVIC_EnableIRQ
                0x00000000000003c8       0x3c ./drivers/bt/bt.o
 .text.__NVIC_ClearPendingIRQ
                0x0000000000000404       0x3c ./drivers/bt/bt.o
 .text.__NVIC_SetPriority
                0x0000000000000440       0x54 ./drivers/bt/bt.o
 .text.BtGetInternDataPtr
                0x0000000000000494       0x48 ./drivers/bt/bt.o
 .text.Bt_IrqHandler
                0x00000000000004dc       0x90 ./drivers/bt/bt.o
                0x00000000000004dc                Bt_IrqHandler
 .text.BtInitNvic
                0x000000000000056c       0x70 ./drivers/bt/bt.o
 .text.Bt_ConfigIOMode
                0x00000000000005dc       0xf0 ./drivers/bt/bt.o
                0x00000000000005dc                Bt_ConfigIOMode
 .text.Bt_Rt_Init
                0x00000000000006cc      0x234 ./drivers/bt/bt.o
                0x00000000000006cc                Bt_Rt_Init
 .text.Bt_Rt_EnableCount
                0x0000000000000900       0x2a ./drivers/bt/bt.o
                0x0000000000000900                Bt_Rt_EnableCount
 .text.Bt_Rt_EnableSwTrig
                0x000000000000092a       0x2a ./drivers/bt/bt.o
                0x000000000000092a                Bt_Rt_EnableSwTrig
 .text.Bt_Rt_WriteCycleVal
                0x0000000000000954       0x2a ./drivers/bt/bt.o
                0x0000000000000954                Bt_Rt_WriteCycleVal
 *fill*         0x000000000000097e        0x2 
 .text.BT0_IRQHandler
                0x0000000000000980       0x18 ./drivers/interrupts_fm4_type_b.o
                0x0000000000000980                BT0_IRQHandler
 .text.BT1_IRQHandler
                0x0000000000000998       0x18 ./drivers/interrupts_fm4_type_b.o
                0x0000000000000998                BT1_IRQHandler
 .text.BT2_IRQHandler
                0x00000000000009b0       0x18 ./drivers/interrupts_fm4_type_b.o
                0x00000000000009b0                BT2_IRQHandler
 .text.pdl_memclr
                0x00000000000009c8       0x2c ./drivers/pdl.o
                0x00000000000009c8                pdl_memclr
 .text          0x00000000000009f4       0x14 ./RTE/Device/S6E2CCAJ0A/startup_s6e2cc.o
                0x00000000000009f4                NMI_Handler
                0x00000000000009f6                HardFault_Handler
                0x00000000000009f8                MemManage_Handler
                0x00000000000009fa                BusFault_Handler
                0x00000000000009fc                UsageFault_Handler
                0x00000000000009fe                SVC_Handler
                0x0000000000000a00                DebugMon_Handler
                0x0000000000000a02                PendSV_Handler
                0x0000000000000a04                SysTick_Handler
                0x0000000000000a06                MFS15_TX_IRQHandler
                0x0000000000000a06                EXINT28_31_IRQHandler
                0x0000000000000a06                EXINT2_IRQHandler
                0x0000000000000a06                LVD_IRQHandler
                0x0000000000000a06                BT9_IRQHandler
                0x0000000000000a06                USB0_F_IRQHandler
                0x0000000000000a06                MFT0_FRT_ZERO_IRQHandler
                0x0000000000000a06                DMAC7_IRQHandler
                0x0000000000000a06                USB0_H_F_IRQHandler
                0x0000000000000a06                MFS4_RX_IRQHandler
                0x0000000000000a06                BT12_15_IRQHandler
                0x0000000000000a06                WC_IRQHandler
                0x0000000000000a06                DMAC6_IRQHandler
                0x0000000000000a06                DMAC4_IRQHandler
                0x0000000000000a06                BT6_IRQHandler
                0x0000000000000a06                MFT0_ICU_IRQHandler
                0x0000000000000a06                MFT2_WFG_DTIF_IRQHandler
                0x0000000000000a06                MFS6_TX_IRQHandler
                0x0000000000000a06                DMAC2_IRQHandler
                0x0000000000000a06                EXINT15_IRQHandler
                0x0000000000000a06                MFS8_TX_IRQHandler
                0x0000000000000a06                ETHER0_IRQHandler
                0x0000000000000a06                MFS3_RX_IRQHandler
                0x0000000000000a06                PPG08_10_12_IRQHandler
                0x0000000000000a06                MFS8_RX_IRQHandler
                0x0000000000000a06                ADC0_IRQHandler
                0x0000000000000a06                MFS9_RX_IRQHandler
                0x0000000000000a06                USB1_H_F_IRQHandler
                0x0000000000000a06                EXINT24_27_IRQHandler
                0x0000000000000a06                MFT2_ICU_IRQHandler
                0x0000000000000a06                MFS12_RX_IRQHandler
                0x0000000000000a06                BT7_IRQHandler
                0x0000000000000a06                PPG00_02_04_IRQHandler
                0x0000000000000a06                BT8_IRQHandler
                0x0000000000000a06                EXINT6_IRQHandler
                0x0000000000000a06                EXINT12_IRQHandler
                0x0000000000000a06                MFS14_TX_IRQHandler
                0x0000000000000a06                EXINT10_IRQHandler
                0x0000000000000a06                IRQ005SEL_IRQHandler
                0x0000000000000a06                ADC1_IRQHandler
                0x0000000000000a06                MFT2_OCU_IRQHandler
                0x0000000000000a06                MFT1_WFG_DTIF_IRQHandler
                0x0000000000000a06                MFS6_RX_IRQHandler
                0x0000000000000a06                MFS11_TX_IRQHandler
                0x0000000000000a06                EXINT0_IRQHandler
                0x0000000000000a06                BT10_IRQHandler
                0x0000000000000a06                RTC_IRQHandler
                0x0000000000000a06                MFS0_RX_IRQHandler
                0x0000000000000a06                TIM_IRQHandler
                0x0000000000000a06                QPRC1_IRQHandler
                0x0000000000000a06                BT3_IRQHandler
                0x0000000000000a06                MFS11_RX_IRQHandler
                0x0000000000000a06                MFS1_RX_IRQHandler
                0x0000000000000a06                DMAC3_IRQHandler
                0x0000000000000a06                EXINT13_IRQHandler
                0x0000000000000a06                IRQ004SEL_IRQHandler
                0x0000000000000a06                DSTC_IRQHandler
                0x0000000000000a06                IRQ007SEL_IRQHandler
                0x0000000000000a06                MFT0_FRT_PEAK_IRQHandler
                0x0000000000000a06                PCRC_I2S0_1_IRQHandler
                0x0000000000000a06                EXINT3_IRQHandler
                0x0000000000000a06                PPG16_18_20_IRQHandler
                0x0000000000000a06                Default_Handler
                0x0000000000000a06                MFS4_TX_IRQHandler
                0x0000000000000a06                MFS13_RX_IRQHandler
                0x0000000000000a06                MFS14_RX_IRQHandler
                0x0000000000000a06                IRQ010SEL_IRQHandler
                0x0000000000000a06                MFT1_FRT_ZERO_IRQHandler
                0x0000000000000a06                EXINT7_IRQHandler
                0x0000000000000a06                EXINT11_IRQHandler
                0x0000000000000a06                ADC2_IRQHandler
                0x0000000000000a06                MFT0_WFG_DTIF_IRQHandler
                0x0000000000000a06                EXINT20_23_IRQHandler
                0x0000000000000a06                MFS2_RX_IRQHandler
                0x0000000000000a06                MFT2_FRT_ZERO_IRQHandler
                0x0000000000000a06                IRQ009SEL_IRQHandler
                0x0000000000000a06                MFS7_TX_IRQHandler
                0x0000000000000a06                BT5_IRQHandler
                0x0000000000000a06                DSTC_HW_IRQHandler
                0x0000000000000a06                QPRC3_IRQHandler
                0x0000000000000a06                MFS13_TX_IRQHandler
                0x0000000000000a06                USB1_F_IRQHandler
                0x0000000000000a06                CAN1_CANFD0_IRQHandler
                0x0000000000000a06                IRQ003SEL_IRQHandler
                0x0000000000000a06                MFS5_TX_IRQHandler
                0x0000000000000a06                EXINT5_IRQHandler
                0x0000000000000a06                EXINT14_IRQHandler
                0x0000000000000a06                FLASHIF_IRQHandler
                0x0000000000000a06                DMAC0_IRQHandler
                0x0000000000000a06                QPRC0_IRQHandler
                0x0000000000000a06                MFS3_TX_IRQHandler
                0x0000000000000a06                EXINT4_IRQHandler
                0x0000000000000a06                CSV_IRQHandler
                0x0000000000000a06                MFS10_RX_IRQHandler
                0x0000000000000a06                DT_IRQHandler
                0x0000000000000a06                MFS1_TX_IRQHandler
                0x0000000000000a06                EXTBUS_ERR_IRQHandler
                0x0000000000000a06                DMAC1_IRQHandler
                0x0000000000000a06                CAN0_IRQHandler
                0x0000000000000a06                MFT1_ICU_IRQHandler
                0x0000000000000a06                MFS10_TX_IRQHandler
                0x0000000000000a06                IRQ008SEL_IRQHandler
                0x0000000000000a06                EXINT8_IRQHandler
                0x0000000000000a06                IRQ006SEL_IRQHandler
                0x0000000000000a06                MFS0_TX_IRQHandler
                0x0000000000000a06                EXINT1_IRQHandler
                0x0000000000000a06                HSSPI_IRQHandler
                0x0000000000000a06                QPRC2_IRQHandler
                0x0000000000000a06                MFT1_OCU_IRQHandler
                0x0000000000000a06                MFS9_TX_IRQHandler
                0x0000000000000a06                MFT1_FRT_PEAK_IRQHandler
                0x0000000000000a06                MFS7_RX_IRQHandler
                0x0000000000000a06                SD_IRQHandler
                0x0000000000000a06                BT4_IRQHandler
                0x0000000000000a06                DMAC5_IRQHandler
                0x0000000000000a06                BT11_IRQHandler
                0x0000000000000a06                EXINT9_IRQHandler
                0x0000000000000a06                SWDT_IRQHandler
                0x0000000000000a06                MFS12_TX_IRQHandler
                0x0000000000000a06                EXINT16_19_IRQHandler
                0x0000000000000a06                MFS15_RX_IRQHandler
                0x0000000000000a06                MFT0_OCU_IRQHandler
                0x0000000000000a06                MFT2_FRT_PEAK_IRQHandler
                0x0000000000000a06                MFS2_TX_IRQHandler
                0x0000000000000a06                MFS5_RX_IRQHandler
 .text.SystemInit
                0x0000000000000a08      0x140 ./RTE/Device/S6E2CCAJ0A/system_s6e2cc.o
                0x0000000000000a08                SystemInit
 .text.selfrel_offset31
                0x0000000000000b48       0x14 /home/matt/opt/xPacks/@gnu-mcu-eclipse/arm-none-eabi-gcc/8.2.1-1.7.1/.content/bin/../lib/gcc/arm-none-eabi/8.2.1/thumb/v7e-m+fp/hard/libgcc.a(unwind-arm.o)
 .text.search_EIT_table
                0x0000000000000b5c       0x64 /home/matt/opt/xPacks/@gnu-mcu-eclipse/arm-none-eabi-gcc/8.2.1-1.7.1/.content/bin/../lib/gcc/arm-none-eabi/8.2.1/thumb/v7e-m+fp/hard/libgcc.a(unwind-arm.o)
 .text.__gnu_unwind_get_pr_addr
                0x0000000000000bc0       0x28 /home/matt/opt/xPacks/@gnu-mcu-eclipse/arm-none-eabi-gcc/8.2.1-1.7.1/.content/bin/../lib/gcc/arm-none-eabi/8.2.1/thumb/v7e-m+fp/hard/libgcc.a(unwind-arm.o)
 .text.get_eit_entry
                0x0000000000000be8       0xa0 /home/matt/opt/xPacks/@gnu-mcu-eclipse/arm-none-eabi-gcc/8.2.1-1.7.1/.content/bin/../lib/gcc/arm-none-eabi/8.2.1/thumb/v7e-m+fp/hard/libgcc.a(unwind-arm.o)
 .text.restore_non_core_regs
                0x0000000000000c88       0x58 /home/matt/opt/xPacks/@gnu-mcu-eclipse/arm-none-eabi-gcc/8.2.1-1.7.1/.content/bin/../lib/gcc/arm-none-eabi/8.2.1/thumb/v7e-m+fp/hard/libgcc.a(unwind-arm.o)
 .text._Unwind_decode_typeinfo_ptr.isra.0
                0x0000000000000ce0        0xc /home/matt/opt/xPacks/@gnu-mcu-eclipse/arm-none-eabi-gcc/8.2.1-1.7.1/.content/bin/../lib/gcc/arm-none-eabi/8.2.1/thumb/v7e-m+fp/hard/libgcc.a(unwind-arm.o)
 .text._Unwind_DebugHook
                0x0000000000000cec        0x4 /home/matt/opt/xPacks/@gnu-mcu-eclipse/arm-none-eabi-gcc/8.2.1-1.7.1/.content/bin/../lib/gcc/arm-none-eabi/8.2.1/thumb/v7e-m+fp/hard/libgcc.a(unwind-arm.o)
 .text.unwind_phase2
                0x0000000000000cf0       0x3c /home/matt/opt/xPacks/@gnu-mcu-eclipse/arm-none-eabi-gcc/8.2.1-1.7.1/.content/bin/../lib/gcc/arm-none-eabi/8.2.1/thumb/v7e-m+fp/hard/libgcc.a(unwind-arm.o)
 .text.unwind_phase2_forced
                0x0000000000000d2c       0xd0 /home/matt/opt/xPacks/@gnu-mcu-eclipse/arm-none-eabi-gcc/8.2.1-1.7.1/.content/bin/../lib/gcc/arm-none-eabi/8.2.1/thumb/v7e-m+fp/hard/libgcc.a(unwind-arm.o)
 .text.__gnu_Unwind_RaiseException
                0x0000000000000dfc       0x60 /home/matt/opt/xPacks/@gnu-mcu-eclipse/arm-none-eabi-gcc/8.2.1-1.7.1/.content/bin/../lib/gcc/arm-none-eabi/8.2.1/thumb/v7e-m+fp/hard/libgcc.a(unwind-arm.o)
                0x0000000000000dfc                __gnu_Unwind_RaiseException
 .text.__gnu_Unwind_ForcedUnwind
                0x0000000000000e5c       0x14 /home/matt/opt/xPacks/@gnu-mcu-eclipse/arm-none-eabi-gcc/8.2.1-1.7.1/.content/bin/../lib/gcc/arm-none-eabi/8.2.1/thumb/v7e-m+fp/hard/libgcc.a(unwind-arm.o)
                0x0000000000000e5c                __gnu_Unwind_ForcedUnwind
 .text.__gnu_Unwind_Resume
                0x0000000000000e70       0x44 /home/matt/opt/xPacks/@gnu-mcu-eclipse/arm-none-eabi-gcc/8.2.1-1.7.1/.content/bin/../lib/gcc/arm-none-eabi/8.2.1/thumb/v7e-m+fp/hard/libgcc.a(unwind-arm.o)
                0x0000000000000e70                __gnu_Unwind_Resume
 .text.__gnu_Unwind_Resume_or_Rethrow
                0x0000000000000eb4       0x14 /home/matt/opt/xPacks/@gnu-mcu-eclipse/arm-none-eabi-gcc/8.2.1-1.7.1/.content/bin/../lib/gcc/arm-none-eabi/8.2.1/thumb/v7e-m+fp/hard/libgcc.a(unwind-arm.o)
                0x0000000000000eb4                __gnu_Unwind_Resume_or_Rethrow
 .text._Unwind_VRS_Get
                0x0000000000000ec8       0x2c /home/matt/opt/xPacks/@gnu-mcu-eclipse/arm-none-eabi-gcc/8.2.1-1.7.1/.content/bin/../lib/gcc/arm-none-eabi/8.2.1/thumb/v7e-m+fp/hard/libgcc.a(unwind-arm.o)
                0x0000000000000ec8                _Unwind_VRS_Get
 .text._Unwind_GetGR
                0x0000000000000ef4       0x18 /home/matt/opt/xPacks/@gnu-mcu-eclipse/arm-none-eabi-gcc/8.2.1-1.7.1/.content/bin/../lib/gcc/arm-none-eabi/8.2.1/thumb/v7e-m+fp/hard/libgcc.a(unwind-arm.o)
 .text._Unwind_VRS_Set
                0x0000000000000f0c       0x2c /home/matt/opt/xPacks/@gnu-mcu-eclipse/arm-none-eabi-gcc/8.2.1-1.7.1/.content/bin/../lib/gcc/arm-none-eabi/8.2.1/thumb/v7e-m+fp/hard/libgcc.a(unwind-arm.o)
                0x0000000000000f0c                _Unwind_VRS_Set
 .text._Unwind_SetGR
                0x0000000000000f38       0x18 /home/matt/opt/xPacks/@gnu-mcu-eclipse/arm-none-eabi-gcc/8.2.1-1.7.1/.content/bin/../lib/gcc/arm-none-eabi/8.2.1/thumb/v7e-m+fp/hard/libgcc.a(unwind-arm.o)
 .text.__gnu_Unwind_Backtrace
                0x0000000000000f50       0x70 /home/matt/opt/xPacks/@gnu-mcu-eclipse/arm-none-eabi-gcc/8.2.1-1.7.1/.content/bin/../lib/gcc/arm-none-eabi/8.2.1/thumb/v7e-m+fp/hard/libgcc.a(unwind-arm.o)
                0x0000000000000f50                __gnu_Unwind_Backtrace
 .text.__gnu_unwind_pr_common
                0x0000000000000fc0      0x2c8 /home/matt/opt/xPacks/@gnu-mcu-eclipse/arm-none-eabi-gcc/8.2.1-1.7.1/.content/bin/../lib/gcc/arm-none-eabi/8.2.1/thumb/v7e-m+fp/hard/libgcc.a(unwind-arm.o)
 .text.__aeabi_unwind_cpp_pr0
                0x0000000000001288        0x8 /home/matt/opt/xPacks/@gnu-mcu-eclipse/arm-none-eabi-gcc/8.2.1-1.7.1/.content/bin/../lib/gcc/arm-none-eabi/8.2.1/thumb/v7e-m+fp/hard/libgcc.a(unwind-arm.o)
                0x0000000000001288                __aeabi_unwind_cpp_pr0
 .text.__aeabi_unwind_cpp_pr1
                0x0000000000001290        0x8 /home/matt/opt/xPacks/@gnu-mcu-eclipse/arm-none-eabi-gcc/8.2.1-1.7.1/.content/bin/../lib/gcc/arm-none-eabi/8.2.1/thumb/v7e-m+fp/hard/libgcc.a(unwind-arm.o)
                0x0000000000001290                __aeabi_unwind_cpp_pr1
 .text.__aeabi_unwind_cpp_pr2
                0x0000000000001298        0x8 /home/matt/opt/xPacks/@gnu-mcu-eclipse/arm-none-eabi-gcc/8.2.1-1.7.1/.content/bin/../lib/gcc/arm-none-eabi/8.2.1/thumb/v7e-m+fp/hard/libgcc.a(unwind-arm.o)
                0x0000000000001298                __aeabi_unwind_cpp_pr2
 .text._Unwind_VRS_Pop
                0x00000000000012a0      0x278 /home/matt/opt/xPacks/@gnu-mcu-eclipse/arm-none-eabi-gcc/8.2.1-1.7.1/.content/bin/../lib/gcc/arm-none-eabi/8.2.1/thumb/v7e-m+fp/hard/libgcc.a(unwind-arm.o)
                0x00000000000012a0                _Unwind_VRS_Pop
 .text          0x0000000000001518      0x1ac /home/matt/opt/xPacks/@gnu-mcu-eclipse/arm-none-eabi-gcc/8.2.1-1.7.1/.content/bin/../lib/gcc/arm-none-eabi/8.2.1/thumb/v7e-m+fp/hard/libgcc.a(libunwind.o)
                0x0000000000001518                __restore_core_regs
                0x0000000000001518                restore_core_regs
                0x0000000000001530                __gnu_Unwind_Restore_VFP
                0x0000000000001538                __gnu_Unwind_Save_VFP
                0x0000000000001540                __gnu_Unwind_Restore_VFP_D
                0x0000000000001548                __gnu_Unwind_Save_VFP_D
                0x0000000000001550                __gnu_Unwind_Restore_VFP_D_16_to_31
                0x0000000000001558                __gnu_Unwind_Save_VFP_D_16_to_31
                0x0000000000001560                __gnu_Unwind_Restore_WMMXD
                0x00000000000015a4                __gnu_Unwind_Save_WMMXD
                0x00000000000015e8                __gnu_Unwind_Restore_WMMXC
                0x00000000000015fc                __gnu_Unwind_Save_WMMXC
                0x0000000000001610                ___Unwind_RaiseException
                0x0000000000001610                _Unwind_RaiseException
                0x0000000000001634                ___Unwind_Resume
                0x0000000000001634                _Unwind_Resume
                0x0000000000001658                _Unwind_Resume_or_Rethrow
                0x0000000000001658                ___Unwind_Resume_or_Rethrow
                0x000000000000167c                ___Unwind_ForcedUnwind
                0x000000000000167c                _Unwind_ForcedUnwind
                0x00000000000016a0                _Unwind_Backtrace
                0x00000000000016a0                ___Unwind_Backtrace
 .text.next_unwind_byte
                0x00000000000016c4       0x38 /home/matt/opt/xPacks/@gnu-mcu-eclipse/arm-none-eabi-gcc/8.2.1-1.7.1/.content/bin/../lib/gcc/arm-none-eabi/8.2.1/thumb/v7e-m+fp/hard/libgcc.a(pr-support.o)
 .text.__gnu_unwind_execute
                0x00000000000016fc      0x2c8 /home/matt/opt/xPacks/@gnu-mcu-eclipse/arm-none-eabi-gcc/8.2.1-1.7.1/.content/bin/../lib/gcc/arm-none-eabi/8.2.1/thumb/v7e-m+fp/hard/libgcc.a(pr-support.o)
                0x00000000000016fc                __gnu_unwind_execute
 .text.abort    0x00000000000019c4       0x10 /home/matt/opt/xPacks/@gnu-mcu-eclipse/arm-none-eabi-gcc/8.2.1-1.7.1/.content/bin/../lib/gcc/arm-none-eabi/8.2.1/../../../../arm-none-eabi/lib/thumb/v7e-m+fp/hard/libg.a(lib_a-abort.o)
                0x00000000000019c4                abort
 .text          0x00000000000019d4      0x134 /home/matt/opt/xPacks/@gnu-mcu-eclipse/arm-none-eabi-gcc/8.2.1-1.7.1/.content/bin/../lib/gcc/arm-none-eabi/8.2.1/../../../../arm-none-eabi/lib/thumb/v7e-m+fp/hard/libg.a(lib_a-memcpy.o)
                0x00000000000019d4                memcpy
 .text._raise_r
                0x0000000000001b08       0x58 /home/matt/opt/xPacks/@gnu-mcu-eclipse/arm-none-eabi-gcc/8.2.1-1.7.1/.content/bin/../lib/gcc/arm-none-eabi/8.2.1/../../../../arm-none-eabi/lib/thumb/v7e-m+fp/hard/libg.a(lib_a-signal.o)
                0x0000000000001b08                _raise_r
 .text.raise    0x0000000000001b60       0x10 /home/matt/opt/xPacks/@gnu-mcu-eclipse/arm-none-eabi-gcc/8.2.1-1.7.1/.content/bin/../lib/gcc/arm-none-eabi/8.2.1/../../../../arm-none-eabi/lib/thumb/v7e-m+fp/hard/libg.a(lib_a-signal.o)
                0x0000000000001b60                raise
 .text._kill_r  0x0000000000001b70       0x28 /home/matt/opt/xPacks/@gnu-mcu-eclipse/arm-none-eabi-gcc/8.2.1-1.7.1/.content/bin/../lib/gcc/arm-none-eabi/8.2.1/../../../../arm-none-eabi/lib/thumb/v7e-m+fp/hard/libg.a(lib_a-signalr.o)
                0x0000000000001b70                _kill_r
 .text._getpid_r
                0x0000000000001b98        0x4 /home/matt/opt/xPacks/@gnu-mcu-eclipse/arm-none-eabi-gcc/8.2.1-1.7.1/.content/bin/../lib/gcc/arm-none-eabi/8.2.1/../../../../arm-none-eabi/lib/thumb/v7e-m+fp/hard/libg.a(lib_a-signalr.o)
                0x0000000000001b98                _getpid_r
 .text._getpid  0x0000000000001b9c       0x10 /home/matt/opt/xPacks/@gnu-mcu-eclipse/arm-none-eabi-gcc/8.2.1-1.7.1/.content/bin/../lib/gcc/arm-none-eabi/8.2.1/../../../../arm-none-eabi/lib/thumb/v7e-m+fp/hard/libnosys.a(getpid.o)
                0x0000000000001b9c                _getpid
 .text._kill    0x0000000000001bac       0x10 /home/matt/opt/xPacks/@gnu-mcu-eclipse/arm-none-eabi-gcc/8.2.1-1.7.1/.content/bin/../lib/gcc/arm-none-eabi/8.2.1/../../../../arm-none-eabi/lib/thumb/v7e-m+fp/hard/libnosys.a(kill.o)
                0x0000000000001bac                _kill
 .text._exit    0x0000000000001bbc        0x4 /home/matt/opt/xPacks/@gnu-mcu-eclipse/arm-none-eabi-gcc/8.2.1-1.7.1/.content/bin/../lib/gcc/arm-none-eabi/8.2.1/../../../../arm-none-eabi/lib/thumb/v7e-m+fp/hard/libnosys.a(_exit.o)
                0x0000000000001bbc                _exit
 *(.plt)
 *(.gnu.warning)
 *(.glue_7t)
 .glue_7t       0x0000000000001bc0        0x0 linker stubs
 *(.glue_7)
 .glue_7        0x0000000000001bc0        0x0 linker stubs
 *(.vfp11_veneer)
 .vfp11_veneer  0x0000000000001bc0        0x0 linker stubs
 *(.rodata .rodata.* .gnu.linkonce.r.*)
 *(.ARM.extab* .gnu.linkonce.armextab.*)
 .ARM.extab.text.main
                0x0000000000001bc0        0xc ./source/main.o
 *(.gcc_except_table)
 *(.eh_frame_hdr)
 *(.eh_frame)
                0x0000000000001bcc                . = ALIGN (0x4)
                0x0000000000001bcc                __FM_regions = .
                0x0000000000001bcc        0x4 LONG 0x0
                0x0000000000001bd0        0x4 LONG 0x1c80 __FM_region_init_ram
                0x0000000000001bd4        0x4 LONG 0x1ffd0000 __FM_region_start_ram
                0x0000000000001bd8        0x4 LONG 0x460 __FM_region_init_size_ram
                0x0000000000001bdc        0x4 LONG 0x10 __FM_region_zero_size_ram
                0x0000000000001be0                __exidx_start = .

.v4_bx          0x0000000000001be0        0x0
 .v4_bx         0x0000000000001be0        0x0 linker stubs

.init           0x0000000000001be0        0x4
 .init          0x0000000000001be0        0x4 /home/matt/opt/xPacks/@gnu-mcu-eclipse/arm-none-eabi-gcc/8.2.1-1.7.1/.content/bin/../lib/gcc/arm-none-eabi/8.2.1/thumb/v7e-m+fp/hard/crti.o
                0x0000000000001be0                _init

.fini           0x0000000000001be4        0x4
 .fini          0x0000000000001be4        0x4 /home/matt/opt/xPacks/@gnu-mcu-eclipse/arm-none-eabi-gcc/8.2.1-1.7.1/.content/bin/../lib/gcc/arm-none-eabi/8.2.1/thumb/v7e-m+fp/hard/crti.o
                0x0000000000001be4                _fini

.iplt           0x0000000000001be8        0x0
 .iplt          0x0000000000001be8        0x0 ./source/main.o

.ARM.exidx      0x0000000000001be8       0x98
 *(.ARM.exidx* .gnu.linkonce.armexidx.*)
 .ARM.exidx.text._ZL21RtUnderflowIrqHandlerv
                0x0000000000001bf0        0x0 ./source/main.o
                                          0x8 (size before relaxing)
 .ARM.exidx.text.main
                0x0000000000001bf0       0x10 ./source/main.o
                                          0x8 (size before relaxing)
 .ARM.exidx.FM.reset
                0x0000000000001be8        0x8 ./RTE/Device/S6E2CCAJ0A/startup_s6e2cc.o
 .ARM.exidx.text.selfrel_offset31
                0x0000000000001c00        0x0 /home/matt/opt/xPacks/@gnu-mcu-eclipse/arm-none-eabi-gcc/8.2.1-1.7.1/.content/bin/../lib/gcc/arm-none-eabi/8.2.1/thumb/v7e-m+fp/hard/libgcc.a(unwind-arm.o)
                                          0x8 (size before relaxing)
 .ARM.exidx.text.search_EIT_table
                0x0000000000001c00        0x0 /home/matt/opt/xPacks/@gnu-mcu-eclipse/arm-none-eabi-gcc/8.2.1-1.7.1/.content/bin/../lib/gcc/arm-none-eabi/8.2.1/thumb/v7e-m+fp/hard/libgcc.a(unwind-arm.o)
                                          0x8 (size before relaxing)
 .ARM.exidx.text.__gnu_unwind_get_pr_addr
                0x0000000000001c00        0x0 /home/matt/opt/xPacks/@gnu-mcu-eclipse/arm-none-eabi-gcc/8.2.1-1.7.1/.content/bin/../lib/gcc/arm-none-eabi/8.2.1/thumb/v7e-m+fp/hard/libgcc.a(unwind-arm.o)
                                          0x8 (size before relaxing)
 .ARM.exidx.text.get_eit_entry
                0x0000000000001c00        0x8 /home/matt/opt/xPacks/@gnu-mcu-eclipse/arm-none-eabi-gcc/8.2.1-1.7.1/.content/bin/../lib/gcc/arm-none-eabi/8.2.1/thumb/v7e-m+fp/hard/libgcc.a(unwind-arm.o)
 .ARM.exidx.text.restore_non_core_regs
                0x0000000000001c08        0x8 /home/matt/opt/xPacks/@gnu-mcu-eclipse/arm-none-eabi-gcc/8.2.1-1.7.1/.content/bin/../lib/gcc/arm-none-eabi/8.2.1/thumb/v7e-m+fp/hard/libgcc.a(unwind-arm.o)
 .ARM.exidx.text._Unwind_decode_typeinfo_ptr.isra.0
                0x0000000000001c10        0x8 /home/matt/opt/xPacks/@gnu-mcu-eclipse/arm-none-eabi-gcc/8.2.1-1.7.1/.content/bin/../lib/gcc/arm-none-eabi/8.2.1/thumb/v7e-m+fp/hard/libgcc.a(unwind-arm.o)
 .ARM.exidx.text._Unwind_DebugHook
                0x0000000000001c18        0x0 /home/matt/opt/xPacks/@gnu-mcu-eclipse/arm-none-eabi-gcc/8.2.1-1.7.1/.content/bin/../lib/gcc/arm-none-eabi/8.2.1/thumb/v7e-m+fp/hard/libgcc.a(unwind-arm.o)
                                          0x8 (size before relaxing)
 .ARM.exidx.text.unwind_phase2
                0x0000000000001c18        0x8 /home/matt/opt/xPacks/@gnu-mcu-eclipse/arm-none-eabi-gcc/8.2.1-1.7.1/.content/bin/../lib/gcc/arm-none-eabi/8.2.1/thumb/v7e-m+fp/hard/libgcc.a(unwind-arm.o)
 .ARM.exidx.text.unwind_phase2_forced
                0x0000000000001c20        0x8 /home/matt/opt/xPacks/@gnu-mcu-eclipse/arm-none-eabi-gcc/8.2.1-1.7.1/.content/bin/../lib/gcc/arm-none-eabi/8.2.1/thumb/v7e-m+fp/hard/libgcc.a(unwind-arm.o)
 .ARM.exidx.text.__gnu_Unwind_RaiseException
                0x0000000000001c28        0x8 /home/matt/opt/xPacks/@gnu-mcu-eclipse/arm-none-eabi-gcc/8.2.1-1.7.1/.content/bin/../lib/gcc/arm-none-eabi/8.2.1/thumb/v7e-m+fp/hard/libgcc.a(unwind-arm.o)
 .ARM.exidx.text.__gnu_Unwind_ForcedUnwind
                0x0000000000001c30        0x8 /home/matt/opt/xPacks/@gnu-mcu-eclipse/arm-none-eabi-gcc/8.2.1-1.7.1/.content/bin/../lib/gcc/arm-none-eabi/8.2.1/thumb/v7e-m+fp/hard/libgcc.a(unwind-arm.o)
 .ARM.exidx.text.__gnu_Unwind_Resume
                0x0000000000001c38        0x8 /home/matt/opt/xPacks/@gnu-mcu-eclipse/arm-none-eabi-gcc/8.2.1-1.7.1/.content/bin/../lib/gcc/arm-none-eabi/8.2.1/thumb/v7e-m+fp/hard/libgcc.a(unwind-arm.o)
 .ARM.exidx.text.__gnu_Unwind_Resume_or_Rethrow
                0x0000000000001c40        0x8 /home/matt/opt/xPacks/@gnu-mcu-eclipse/arm-none-eabi-gcc/8.2.1-1.7.1/.content/bin/../lib/gcc/arm-none-eabi/8.2.1/thumb/v7e-m+fp/hard/libgcc.a(unwind-arm.o)
 .ARM.exidx.text._Unwind_VRS_Get
                0x0000000000001c48        0x0 /home/matt/opt/xPacks/@gnu-mcu-eclipse/arm-none-eabi-gcc/8.2.1-1.7.1/.content/bin/../lib/gcc/arm-none-eabi/8.2.1/thumb/v7e-m+fp/hard/libgcc.a(unwind-arm.o)
                                          0x8 (size before relaxing)
 .ARM.exidx.text._Unwind_GetGR
                0x0000000000001c48        0x0 /home/matt/opt/xPacks/@gnu-mcu-eclipse/arm-none-eabi-gcc/8.2.1-1.7.1/.content/bin/../lib/gcc/arm-none-eabi/8.2.1/thumb/v7e-m+fp/hard/libgcc.a(unwind-arm.o)
                                          0x8 (size before relaxing)
 .ARM.exidx.text._Unwind_VRS_Set
                0x0000000000001c48        0x0 /home/matt/opt/xPacks/@gnu-mcu-eclipse/arm-none-eabi-gcc/8.2.1-1.7.1/.content/bin/../lib/gcc/arm-none-eabi/8.2.1/thumb/v7e-m+fp/hard/libgcc.a(unwind-arm.o)
                                          0x8 (size before relaxing)
 .ARM.exidx.text._Unwind_SetGR
                0x0000000000001c48        0x0 /home/matt/opt/xPacks/@gnu-mcu-eclipse/arm-none-eabi-gcc/8.2.1-1.7.1/.content/bin/../lib/gcc/arm-none-eabi/8.2.1/thumb/v7e-m+fp/hard/libgcc.a(unwind-arm.o)
                                          0x8 (size before relaxing)
 .ARM.exidx.text.__gnu_Unwind_Backtrace
                0x0000000000001c48        0x8 /home/matt/opt/xPacks/@gnu-mcu-eclipse/arm-none-eabi-gcc/8.2.1-1.7.1/.content/bin/../lib/gcc/arm-none-eabi/8.2.1/thumb/v7e-m+fp/hard/libgcc.a(unwind-arm.o)
 .ARM.exidx.text.__gnu_unwind_pr_common
                0x0000000000001c50        0x8 /home/matt/opt/xPacks/@gnu-mcu-eclipse/arm-none-eabi-gcc/8.2.1-1.7.1/.content/bin/../lib/gcc/arm-none-eabi/8.2.1/thumb/v7e-m+fp/hard/libgcc.a(unwind-arm.o)
 .ARM.exidx.text.__aeabi_unwind_cpp_pr0
                0x0000000000001c58        0x8 /home/matt/opt/xPacks/@gnu-mcu-eclipse/arm-none-eabi-gcc/8.2.1-1.7.1/.content/bin/../lib/gcc/arm-none-eabi/8.2.1/thumb/v7e-m+fp/hard/libgcc.a(unwind-arm.o)
 .ARM.exidx.text.__aeabi_unwind_cpp_pr1
                0x0000000000001c60        0x0 /home/matt/opt/xPacks/@gnu-mcu-eclipse/arm-none-eabi-gcc/8.2.1-1.7.1/.content/bin/../lib/gcc/arm-none-eabi/8.2.1/thumb/v7e-m+fp/hard/libgcc.a(unwind-arm.o)
                                          0x8 (size before relaxing)
 .ARM.exidx.text.__aeabi_unwind_cpp_pr2
                0x0000000000001c60        0x0 /home/matt/opt/xPacks/@gnu-mcu-eclipse/arm-none-eabi-gcc/8.2.1-1.7.1/.content/bin/../lib/gcc/arm-none-eabi/8.2.1/thumb/v7e-m+fp/hard/libgcc.a(unwind-arm.o)
                                          0x8 (size before relaxing)
 .ARM.exidx.text._Unwind_VRS_Pop
                0x0000000000001c60       0x10 /home/matt/opt/xPacks/@gnu-mcu-eclipse/arm-none-eabi-gcc/8.2.1-1.7.1/.content/bin/../lib/gcc/arm-none-eabi/8.2.1/thumb/v7e-m+fp/hard/libgcc.a(unwind-arm.o)
                                          0x8 (size before relaxing)
 .ARM.exidx.text.next_unwind_byte
                0x0000000000001c70        0x0 /home/matt/opt/xPacks/@gnu-mcu-eclipse/arm-none-eabi-gcc/8.2.1-1.7.1/.content/bin/../lib/gcc/arm-none-eabi/8.2.1/thumb/v7e-m+fp/hard/libgcc.a(pr-support.o)
                                          0x8 (size before relaxing)
 .ARM.exidx.text.__gnu_unwind_execute
                0x0000000000001c70       0x10 /home/matt/opt/xPacks/@gnu-mcu-eclipse/arm-none-eabi-gcc/8.2.1-1.7.1/.content/bin/../lib/gcc/arm-none-eabi/8.2.1/thumb/v7e-m+fp/hard/libgcc.a(pr-support.o)
                                          0x8 (size before relaxing)
                0x0000000000001c80                __exidx_end = .

.rel.dyn        0x0000000000001c80        0x0
 .rel.iplt      0x0000000000001c80        0x0 ./source/main.o

.text.align     0x0000000000001c80        0x0
                0x0000000000001c80                . = ALIGN (0x8)
                0x0000000000001c80                _etext = .
                0x0000000000200000                __FM_region_size_rom = LENGTH (ROM)
                0x0000000000000001                __FM_region_num = 0x1

.data           0x000000001ffd0000      0x460 load address 0x0000000000001c80
                0x000000001ffd0000                _sdata = .
                0x000000001ffd0000                __FM_region_start_ram = .
 *(.FM.region-head.RAM)
 *(.jcr)
 *(.got.plt)
 *(.got)
 *(.shdata)
 *(.data .data.* .gnu.linkonce.d.*)
 .data.m_astcBtInstanceDataLut
                0x000000001ffd0000       0x30 ./drivers/bt/bt.o
                0x000000001ffd0000                m_astcBtInstanceDataLut
 .data._impure_ptr
                0x000000001ffd0030        0x4 /home/matt/opt/xPacks/@gnu-mcu-eclipse/arm-none-eabi-gcc/8.2.1-1.7.1/.content/bin/../lib/gcc/arm-none-eabi/8.2.1/../../../../arm-none-eabi/lib/thumb/v7e-m+fp/hard/libg.a(lib_a-impure.o)
                0x000000001ffd0030                _impure_ptr
 *fill*         0x000000001ffd0034        0x4 
 .data.impure_data
                0x000000001ffd0038      0x428 /home/matt/opt/xPacks/@gnu-mcu-eclipse/arm-none-eabi-gcc/8.2.1-1.7.1/.content/bin/../lib/gcc/arm-none-eabi/8.2.1/../../../../arm-none-eabi/lib/thumb/v7e-m+fp/hard/libg.a(lib_a-impure.o)
 *(.RAM)
                0x000000001ffd0460                . = ALIGN (0x8)
                0x000000001ffd0460                _edata = .
                0x0000000000000460                data_size = (_edata - _sdata)

.igot.plt       0x000000001ffd0460        0x0 load address 0x00000000000020e0
 .igot.plt      0x000000001ffd0460        0x0 ./source/main.o

.bss            0x000000001ffd0460       0x10 load address 0x00000000000020e0
                0x000000001ffd0460                _sbss = .
 *(.shbss)
 *(.bss .bss.* .gnu.linkonce.b.*)
 .bss.ledState  0x000000001ffd0460        0x1 ./source/main.o
                0x000000001ffd0460                ledState
 *fill*         0x000000001ffd0461        0x3 
 .bss.currentCount
                0x000000001ffd0464        0x4 ./source/main.o
                0x000000001ffd0464                currentCount
 .bss.u32IoRegisterRead.56653
                0x000000001ffd0468        0x4 ./RTE/Device/S6E2CCAJ0A/system_s6e2cc.o
 *(COMMON)
 COMMON         0x000000001ffd046c        0x4 /home/matt/opt/xPacks/@gnu-mcu-eclipse/arm-none-eabi-gcc/8.2.1-1.7.1/.content/bin/../lib/gcc/arm-none-eabi/8.2.1/../../../../arm-none-eabi/lib/thumb/v7e-m+fp/hard/libg.a(lib_a-reent.o)
                0x000000001ffd046c                errno
 *(.RAM.b)
                0x000000001ffd0470                . = ALIGN (0x8)
                0x000000001ffd0470                _ebss = .
                0x000000001ffd0470                end = .
                0x000000001ffd0470                _end = .
                0x000000001ffd0470                __end = .
                0x0000000000000010                bss_size = (_ebss - _sbss)

.heap           0x000000001ffd0470      0x400 load address 0x00000000000020e0
 *(.heap)
 .heap          0x000000001ffd0470      0x400 ./RTE/Device/S6E2CCAJ0A/startup_s6e2cc.o
                0x000000001ffd0470                __FM_heap_start
                0x000000001ffd0870                __FM_heap_end

.stack          0x000000001ffffc00      0x400
 *(.stack)
 *fill*         0x000000001ffffc00        0x0 
 .stack         0x000000001ffffc00      0x400 ./RTE/Device/S6E2CCAJ0A/startup_s6e2cc.o
                0x000000001ffffc00                __FM_stack_mem
                0x0000000000001c80                __FM_region_init_ram = LOADADDR (.data)
                0x0000000000000460                __FM_region_init_size_ram = (_edata - __FM_region_start_ram)
                0x0000000000000010                __FM_region_zero_size_ram = (_end - _edata)
                0x0000000000030000                __FM_region_size_ram = LENGTH (RAM)
                0x0000000000000001                __FM_region_num = 0x1

.cymeta
 *(.cymeta)

.stab
 *(.stab)

.stabstr        0x0000000000000000       0x76
 *(.stabstr)
 .stabstr       0x0000000000000000       0x76 /home/matt/opt/xPacks/@gnu-mcu-eclipse/arm-none-eabi-gcc/8.2.1-1.7.1/.content/bin/../lib/gcc/arm-none-eabi/8.2.1/../../../../arm-none-eabi/lib/thumb/v7e-m+fp/hard/libnosys.a(getpid.o)

.debug
 *(.debug)

.line
 *(.line)

.debug_srcinfo
 *(.debug_srcinfo)

.debug_sfnames
 *(.debug_sfnames)

.debug_aranges  0x0000000000000000      0x2b0
 *(.debug_aranges)
 .debug_aranges
                0x0000000000000000       0x28 ./source/main.o
 .debug_aranges
                0x0000000000000028      0x1d8 ./drivers/bt/bt.o
 .debug_aranges
                0x0000000000000200       0x38 ./drivers/interrupts_fm4_type_b.o
 .debug_aranges
                0x0000000000000238       0x28 ./drivers/pdl.o
 .debug_aranges
                0x0000000000000260       0x28 ./RTE/Device/S6E2CCAJ0A/startup_s6e2cc.o
 .debug_aranges
                0x0000000000000288       0x28 ./RTE/Device/S6E2CCAJ0A/system_s6e2cc.o

.debug_pubnames
 *(.debug_pubnames)

.debug_info     0x0000000000000000    0x12182
 *(.debug_info .gnu.linkonce.wi.*)
 .debug_info    0x0000000000000000     0x5aa0 ./source/main.o
 .debug_info    0x0000000000005aa0     0x3707 ./drivers/bt/bt.o
 .debug_info    0x00000000000091a7      0x6fa ./drivers/interrupts_fm4_type_b.o
 .debug_info    0x00000000000098a1      0x140 ./drivers/pdl.o
 .debug_info    0x00000000000099e1       0x22 ./RTE/Device/S6E2CCAJ0A/startup_s6e2cc.o
 .debug_info    0x0000000000009a03     0x877f ./RTE/Device/S6E2CCAJ0A/system_s6e2cc.o

.debug_abbrev   0x0000000000000000      0x9ab
 *(.debug_abbrev)
 .debug_abbrev  0x0000000000000000      0x28a ./source/main.o
 .debug_abbrev  0x000000000000028a      0x30d ./drivers/bt/bt.o
 .debug_abbrev  0x0000000000000597      0x186 ./drivers/interrupts_fm4_type_b.o
 .debug_abbrev  0x000000000000071d       0xa6 ./drivers/pdl.o
 .debug_abbrev  0x00000000000007c3       0x12 ./RTE/Device/S6E2CCAJ0A/startup_s6e2cc.o
 .debug_abbrev  0x00000000000007d5      0x1d6 ./RTE/Device/S6E2CCAJ0A/system_s6e2cc.o

.debug_line     0x0000000000000000     0x261d
 *(.debug_line)
 .debug_line    0x0000000000000000      0x6b4 ./source/main.o
 .debug_line    0x00000000000006b4     0x11d2 ./drivers/bt/bt.o
 .debug_line    0x0000000000001886      0x468 ./drivers/interrupts_fm4_type_b.o
 .debug_line    0x0000000000001cee      0x3a3 ./drivers/pdl.o
 .debug_line    0x0000000000002091       0xa3 ./RTE/Device/S6E2CCAJ0A/startup_s6e2cc.o
 .debug_line    0x0000000000002134      0x4e9 ./RTE/Device/S6E2CCAJ0A/system_s6e2cc.o

.debug_frame    0x0000000000000000      0xa28
 *(.debug_frame)
 .debug_frame   0x0000000000000000       0x50 ./source/main.o
 .debug_frame   0x0000000000000050      0x8a8 ./drivers/bt/bt.o
 .debug_frame   0x00000000000008f8       0x80 ./drivers/interrupts_fm4_type_b.o
 .debug_frame   0x0000000000000978       0x58 ./drivers/pdl.o
 .debug_frame   0x00000000000009d0       0x58 ./RTE/Device/S6E2CCAJ0A/system_s6e2cc.o

.debug_str      0x0000000000000000   0x1c2e7c
 *(.debug_str)
 .debug_str     0x0000000000000000   0x1bde64 ./source/main.o
                                     0x1be1cf (size before relaxing)
 .debug_str     0x00000000001bde64     0x1d19 ./drivers/bt/bt.o
                                     0x1b7d44 (size before relaxing)
 .debug_str     0x00000000001bfb7d       0xe2 ./drivers/interrupts_fm4_type_b.o
                                     0x1b5df8 (size before relaxing)
 .debug_str     0x00000000001bfc5f       0x43 ./drivers/pdl.o
                                     0x1b000f (size before relaxing)
 .debug_str     0x00000000001bfca2       0x39 ./RTE/Device/S6E2CCAJ0A/startup_s6e2cc.o
                                         0x66 (size before relaxing)
 .debug_str     0x00000000001bfcdb     0x31a1 ./RTE/Device/S6E2CCAJ0A/system_s6e2cc.o
                                     0x1b2b67 (size before relaxing)

.debug_loc
 *(.debug_loc)

.debug_macinfo
 *(.debug_macinfo)

.debug_weaknames
 *(.debug_weaknames)

.debug_funcnames
 *(.debug_funcnames)

.debug_typenames
 *(.debug_typenames)

.debug_varnames
 *(.debug_varnames)

.note.gnu.arm.ident
 *(.note.gnu.arm.ident)

.ARM.attributes
                0x0000000000000000       0x30
 *(.ARM.attributes)
 .ARM.attributes
                0x0000000000000000       0x1e /home/matt/opt/xPacks/@gnu-mcu-eclipse/arm-none-eabi-gcc/8.2.1-1.7.1/.content/bin/../lib/gcc/arm-none-eabi/8.2.1/thumb/v7e-m+fp/hard/crti.o
 .ARM.attributes
                0x000000000000001e       0x34 /home/matt/opt/xPacks/@gnu-mcu-eclipse/arm-none-eabi-gcc/8.2.1-1.7.1/.content/bin/../lib/gcc/arm-none-eabi/8.2.1/thumb/v7e-m+fp/hard/crtbegin.o
 .ARM.attributes
                0x0000000000000052       0x1c /home/matt/opt/xPacks/@gnu-mcu-eclipse/arm-none-eabi-gcc/8.2.1-1.7.1/.content/bin/../lib/gcc/arm-none-eabi/8.2.1/../../../../arm-none-eabi/lib/thumb/v7e-m+fp/hard/crt0.o
 .ARM.attributes
                0x000000000000006e       0x39 ./utilities/seg_lcd/tsdh1188/tsdh1188.o
 .ARM.attributes
                0x00000000000000a7       0x39 ./utilities/seg_lcd/cl010/cl010.o
 .ARM.attributes
                0x00000000000000e0       0x39 ./utilities/sdram/is42s16800.o
 .ARM.attributes
                0x0000000000000119       0x39 ./utilities/sd_card/sd_card.o
 .ARM.attributes
                0x0000000000000152       0x39 ./utilities/sd_card/sd_cmd.o
 .ARM.attributes
                0x000000000000018b       0x39 ./utilities/qspi_flash/flashS25FL164K.o
 .ARM.attributes
                0x00000000000001c4       0x34 ./utilities/printf_scanf/uart_io.o
 .ARM.attributes
                0x00000000000001f8       0x39 ./utilities/nand_flash/s34ml01g.o
 .ARM.attributes
                0x0000000000000231       0x39 ./utilities/i2s_codec/wm8731.o
 .ARM.attributes
                0x000000000000026a       0x39 ./utilities/hyper_flash/s26kl512s.o
 .ARM.attributes
                0x00000000000002a3       0x39 ./utilities/eeprom/i2c_int_at24cxx.o
 .ARM.attributes
                0x00000000000002dc       0x39 ./utilities/eeprom/i2c_polling_at24cxx.o
 .ARM.attributes
                0x0000000000000315       0x34 ./source/main.o
 .ARM.attributes
                0x0000000000000349       0x39 ./drivers/wdg/hwwdg.o
 .ARM.attributes
                0x0000000000000382       0x39 ./drivers/wdg/swwdg.o
 .ARM.attributes
                0x00000000000003bb       0x39 ./drivers/wc/wc.o
 .ARM.attributes
                0x00000000000003f4       0x39 ./drivers/vbat/vbat.o
 .ARM.attributes
                0x000000000000042d       0x39 ./drivers/uid/uid.o
 .ARM.attributes
                0x0000000000000466       0x39 ./drivers/sdif/sdif.o
 .ARM.attributes
                0x000000000000049f       0x39 ./drivers/rtc/rtc.o
 .ARM.attributes
                0x00000000000004d8       0x39 ./drivers/reset/reset.o
 .ARM.attributes
                0x0000000000000511       0x39 ./drivers/rc/rc.o
 .ARM.attributes
                0x000000000000054a       0x39 ./drivers/qprc/qprc.o
 .ARM.attributes
                0x0000000000000583       0x39 ./drivers/ppg/ppg.o
 .ARM.attributes
                0x00000000000005bc       0x39 ./drivers/pcrc/pcrc.o
 .ARM.attributes
                0x00000000000005f5       0x39 ./drivers/mft/mft_adcmp.o
 .ARM.attributes
                0x000000000000062e       0x39 ./drivers/mft/mft_frt.o
 .ARM.attributes
                0x0000000000000667       0x39 ./drivers/mft/mft_icu.o
 .ARM.attributes
                0x00000000000006a0       0x39 ./drivers/mft/mft_ocu.o
 .ARM.attributes
                0x00000000000006d9       0x39 ./drivers/mft/mft_wfg.o
 .ARM.attributes
                0x0000000000000712       0x34 ./drivers/mfs/mfs.o
 .ARM.attributes
                0x0000000000000746       0x39 ./drivers/lvd/lvd.o
 .ARM.attributes
                0x000000000000077f       0x39 ./drivers/lpm/lpm.o
 .ARM.attributes
                0x00000000000007b8       0x39 ./drivers/lcd/lcd.o
 .ARM.attributes
                0x00000000000007f1       0x39 ./drivers/icc/icc.o
 .ARM.attributes
                0x000000000000082a       0x39 ./drivers/i2s/i2s.o
 .ARM.attributes
                0x0000000000000863       0x39 ./drivers/i2cs/i2cs.o
 .ARM.attributes
                0x000000000000089c       0x39 ./drivers/hsspi/hsspi.o
 .ARM.attributes
                0x00000000000008d5       0x39 ./drivers/hbif/hbif.o
 .ARM.attributes
                0x000000000000090e       0x39 ./drivers/flash/dualflash.o
 .ARM.attributes
                0x0000000000000947       0x39 ./drivers/flash/mainflash.o
 .ARM.attributes
                0x0000000000000980       0x39 ./drivers/flash/workflash.o
 .ARM.attributes
                0x00000000000009b9       0x39 ./drivers/extif/extif.o
 .ARM.attributes
                0x00000000000009f2       0x39 ./drivers/exint/exint.o
 .ARM.attributes
                0x0000000000000a2b       0x39 ./drivers/dt/dt.o
 .ARM.attributes
                0x0000000000000a64       0x39 ./drivers/dstc/dstc.o
 .ARM.attributes
                0x0000000000000a9d       0x39 ./drivers/dma/dma.o
 .ARM.attributes
                0x0000000000000ad6       0x39 ./drivers/dac/dac.o
 .ARM.attributes
                0x0000000000000b0f       0x39 ./drivers/csv/csv.o
 .ARM.attributes
                0x0000000000000b48       0x39 ./drivers/crc/crc.o
 .ARM.attributes
                0x0000000000000b81       0x39 ./drivers/cr/cr.o
 .ARM.attributes
                0x0000000000000bba       0x39 ./drivers/clk/clk.o
 .ARM.attributes
                0x0000000000000bf3       0x39 ./drivers/can/can.o
 .ARM.attributes
                0x0000000000000c2c       0x39 ./drivers/can/can_pre.o
 .ARM.attributes
                0x0000000000000c65       0x39 ./drivers/can/canfd.o
 .ARM.attributes
                0x0000000000000c9e       0x34 ./drivers/bt/bt.o
 .ARM.attributes
                0x0000000000000cd2       0x39 ./drivers/adc/adc.o
 .ARM.attributes
                0x0000000000000d0b       0x39 ./drivers/interrupts_fm0p_type_1-a.o
 .ARM.attributes
                0x0000000000000d44       0x39 ./drivers/interrupts_fm0p_type_1-b.o
 .ARM.attributes
                0x0000000000000d7d       0x39 ./drivers/interrupts_fm0p_type_2-a.o
 .ARM.attributes
                0x0000000000000db6       0x39 ./drivers/interrupts_fm0p_type_2-b.o
 .ARM.attributes
                0x0000000000000def       0x39 ./drivers/interrupts_fm0p_type_3.o
 .ARM.attributes
                0x0000000000000e28       0x39 ./drivers/interrupts_fm3_type_a.o
 .ARM.attributes
                0x0000000000000e61       0x39 ./drivers/interrupts_fm3_type_b.o
 .ARM.attributes
                0x0000000000000e9a       0x39 ./drivers/interrupts_fm3_type_c.o
 .ARM.attributes
                0x0000000000000ed3       0x39 ./drivers/interrupts_fm4_type_a.o
 .ARM.attributes
                0x0000000000000f0c       0x34 ./drivers/interrupts_fm4_type_b.o
 .ARM.attributes
                0x0000000000000f40       0x39 ./drivers/interrupts_fm4_type_c.o
 .ARM.attributes
                0x0000000000000f79       0x34 ./drivers/pdl.o
 .ARM.attributes
                0x0000000000000fad       0x20 ./RTE/Device/S6E2CCAJ0A/startup_s6e2cc.o
 .ARM.attributes
                0x0000000000000fcd       0x34 ./RTE/Device/S6E2CCAJ0A/system_s6e2cc.o
 .ARM.attributes
                0x0000000000001001       0x34 /home/matt/opt/xPacks/@gnu-mcu-eclipse/arm-none-eabi-gcc/8.2.1-1.7.1/.content/bin/../lib/gcc/arm-none-eabi/8.2.1/thumb/v7e-m+fp/hard/libgcc.a(unwind-arm.o)
 .ARM.attributes
                0x0000000000001035       0x1e /home/matt/opt/xPacks/@gnu-mcu-eclipse/arm-none-eabi-gcc/8.2.1-1.7.1/.content/bin/../lib/gcc/arm-none-eabi/8.2.1/thumb/v7e-m+fp/hard/libgcc.a(libunwind.o)
 .ARM.attributes
                0x0000000000001053       0x34 /home/matt/opt/xPacks/@gnu-mcu-eclipse/arm-none-eabi-gcc/8.2.1-1.7.1/.content/bin/../lib/gcc/arm-none-eabi/8.2.1/thumb/v7e-m+fp/hard/libgcc.a(pr-support.o)
 .ARM.attributes
                0x0000000000001087       0x34 /home/matt/opt/xPacks/@gnu-mcu-eclipse/arm-none-eabi-gcc/8.2.1-1.7.1/.content/bin/../lib/gcc/arm-none-eabi/8.2.1/../../../../arm-none-eabi/lib/thumb/v7e-m+fp/hard/libg.a(lib_a-abort.o)
 .ARM.attributes
                0x00000000000010bb       0x34 /home/matt/opt/xPacks/@gnu-mcu-eclipse/arm-none-eabi-gcc/8.2.1-1.7.1/.content/bin/../lib/gcc/arm-none-eabi/8.2.1/../../../../arm-none-eabi/lib/thumb/v7e-m+fp/hard/libg.a(lib_a-exit.o)
 .ARM.attributes
                0x00000000000010ef       0x32 /home/matt/opt/xPacks/@gnu-mcu-eclipse/arm-none-eabi-gcc/8.2.1-1.7.1/.content/bin/../lib/gcc/arm-none-eabi/8.2.1/../../../../arm-none-eabi/lib/thumb/v7e-m+fp/hard/libg.a(lib_a-impure.o)
 .ARM.attributes
                0x0000000000001121       0x34 /home/matt/opt/xPacks/@gnu-mcu-eclipse/arm-none-eabi-gcc/8.2.1-1.7.1/.content/bin/../lib/gcc/arm-none-eabi/8.2.1/../../../../arm-none-eabi/lib/thumb/v7e-m+fp/hard/libg.a(lib_a-init.o)
 .ARM.attributes
                0x0000000000001155       0x1c /home/matt/opt/xPacks/@gnu-mcu-eclipse/arm-none-eabi-gcc/8.2.1-1.7.1/.content/bin/../lib/gcc/arm-none-eabi/8.2.1/../../../../arm-none-eabi/lib/thumb/v7e-m+fp/hard/libg.a(lib_a-memcpy.o)
 .ARM.attributes
                0x0000000000001171       0x34 /home/matt/opt/xPacks/@gnu-mcu-eclipse/arm-none-eabi-gcc/8.2.1-1.7.1/.content/bin/../lib/gcc/arm-none-eabi/8.2.1/../../../../arm-none-eabi/lib/thumb/v7e-m+fp/hard/libg.a(lib_a-memset.o)
 .ARM.attributes
                0x00000000000011a5       0x34 /home/matt/opt/xPacks/@gnu-mcu-eclipse/arm-none-eabi-gcc/8.2.1-1.7.1/.content/bin/../lib/gcc/arm-none-eabi/8.2.1/../../../../arm-none-eabi/lib/thumb/v7e-m+fp/hard/libg.a(lib_a-signal.o)
 .ARM.attributes
                0x00000000000011d9       0x34 /home/matt/opt/xPacks/@gnu-mcu-eclipse/arm-none-eabi-gcc/8.2.1-1.7.1/.content/bin/../lib/gcc/arm-none-eabi/8.2.1/../../../../arm-none-eabi/lib/thumb/v7e-m+fp/hard/libg.a(lib_a-signalr.o)
 .ARM.attributes
                0x000000000000120d       0x34 /home/matt/opt/xPacks/@gnu-mcu-eclipse/arm-none-eabi-gcc/8.2.1-1.7.1/.content/bin/../lib/gcc/arm-none-eabi/8.2.1/../../../../arm-none-eabi/lib/thumb/v7e-m+fp/hard/libg.a(lib_a-__call_atexit.o)
 .ARM.attributes
                0x0000000000001241       0x34 /home/matt/opt/xPacks/@gnu-mcu-eclipse/arm-none-eabi-gcc/8.2.1-1.7.1/.content/bin/../lib/gcc/arm-none-eabi/8.2.1/../../../../arm-none-eabi/lib/thumb/v7e-m+fp/hard/libg.a(lib_a-atexit.o)
 .ARM.attributes
                0x0000000000001275       0x34 /home/matt/opt/xPacks/@gnu-mcu-eclipse/arm-none-eabi-gcc/8.2.1-1.7.1/.content/bin/../lib/gcc/arm-none-eabi/8.2.1/../../../../arm-none-eabi/lib/thumb/v7e-m+fp/hard/libg.a(lib_a-fini.o)
 .ARM.attributes
                0x00000000000012a9       0x34 /home/matt/opt/xPacks/@gnu-mcu-eclipse/arm-none-eabi-gcc/8.2.1-1.7.1/.content/bin/../lib/gcc/arm-none-eabi/8.2.1/../../../../arm-none-eabi/lib/thumb/v7e-m+fp/hard/libg.a(lib_a-lock.o)
 .ARM.attributes
                0x00000000000012dd       0x34 /home/matt/opt/xPacks/@gnu-mcu-eclipse/arm-none-eabi-gcc/8.2.1-1.7.1/.content/bin/../lib/gcc/arm-none-eabi/8.2.1/../../../../arm-none-eabi/lib/thumb/v7e-m+fp/hard/libg.a(lib_a-mallocr.o)
 .ARM.attributes
                0x0000000000001311       0x34 /home/matt/opt/xPacks/@gnu-mcu-eclipse/arm-none-eabi-gcc/8.2.1-1.7.1/.content/bin/../lib/gcc/arm-none-eabi/8.2.1/../../../../arm-none-eabi/lib/thumb/v7e-m+fp/hard/libg.a(lib_a-mlock.o)
 .ARM.attributes
                0x0000000000001345       0x34 /home/matt/opt/xPacks/@gnu-mcu-eclipse/arm-none-eabi-gcc/8.2.1-1.7.1/.content/bin/../lib/gcc/arm-none-eabi/8.2.1/../../../../arm-none-eabi/lib/thumb/v7e-m+fp/hard/libg.a(lib_a-reent.o)
 .ARM.attributes
                0x0000000000001379       0x34 /home/matt/opt/xPacks/@gnu-mcu-eclipse/arm-none-eabi-gcc/8.2.1-1.7.1/.content/bin/../lib/gcc/arm-none-eabi/8.2.1/../../../../arm-none-eabi/lib/thumb/v7e-m+fp/hard/libg.a(lib_a-sbrkr.o)
 .ARM.attributes
                0x00000000000013ad       0x34 /home/matt/opt/xPacks/@gnu-mcu-eclipse/arm-none-eabi-gcc/8.2.1-1.7.1/.content/bin/../lib/gcc/arm-none-eabi/8.2.1/../../../../arm-none-eabi/lib/thumb/v7e-m+fp/hard/libg.a(lib_a-__atexit.o)
 .ARM.attributes
                0x00000000000013e1       0x34 /home/matt/opt/xPacks/@gnu-mcu-eclipse/arm-none-eabi-gcc/8.2.1-1.7.1/.content/bin/../lib/gcc/arm-none-eabi/8.2.1/../../../../arm-none-eabi/lib/thumb/v7e-m+fp/hard/libg.a(lib_a-freer.o)
 .ARM.attributes
                0x0000000000001415       0x34 /home/matt/opt/xPacks/@gnu-mcu-eclipse/arm-none-eabi-gcc/8.2.1-1.7.1/.content/bin/../lib/gcc/arm-none-eabi/8.2.1/../../../../arm-none-eabi/lib/thumb/v7e-m+fp/hard/libnosys.a(getpid.o)
 .ARM.attributes
                0x0000000000001449       0x34 /home/matt/opt/xPacks/@gnu-mcu-eclipse/arm-none-eabi-gcc/8.2.1-1.7.1/.content/bin/../lib/gcc/arm-none-eabi/8.2.1/../../../../arm-none-eabi/lib/thumb/v7e-m+fp/hard/libnosys.a(kill.o)
 .ARM.attributes
                0x000000000000147d       0x34 /home/matt/opt/xPacks/@gnu-mcu-eclipse/arm-none-eabi-gcc/8.2.1-1.7.1/.content/bin/../lib/gcc/arm-none-eabi/8.2.1/../../../../arm-none-eabi/lib/thumb/v7e-m+fp/hard/libnosys.a(sbrk.o)
 .ARM.attributes
                0x00000000000014b1       0x34 /home/matt/opt/xPacks/@gnu-mcu-eclipse/arm-none-eabi-gcc/8.2.1-1.7.1/.content/bin/../lib/gcc/arm-none-eabi/8.2.1/../../../../arm-none-eabi/lib/thumb/v7e-m+fp/hard/libnosys.a(_exit.o)
 .ARM.attributes
                0x00000000000014e5       0x32 /home/matt/opt/xPacks/@gnu-mcu-eclipse/arm-none-eabi-gcc/8.2.1-1.7.1/.content/bin/../lib/gcc/arm-none-eabi/8.2.1/thumb/v7e-m+fp/hard/crtend.o
 .ARM.attributes
                0x0000000000001517       0x1e /home/matt/opt/xPacks/@gnu-mcu-eclipse/arm-none-eabi-gcc/8.2.1-1.7.1/.content/bin/../lib/gcc/arm-none-eabi/8.2.1/thumb/v7e-m+fp/hard/crtn.o

/DISCARD/
 *(.note.GNU-stack)
OUTPUT(Blinky.elf elf32-littlearm)

.debug_ranges   0x0000000000000000      0x258
 .debug_ranges  0x0000000000000000       0x18 ./source/main.o
 .debug_ranges  0x0000000000000018      0x1c8 ./drivers/bt/bt.o
 .debug_ranges  0x00000000000001e0       0x28 ./drivers/interrupts_fm4_type_b.o
 .debug_ranges  0x0000000000000208       0x18 ./drivers/pdl.o
 .debug_ranges  0x0000000000000220       0x20 ./RTE/Device/S6E2CCAJ0A/startup_s6e2cc.o
 .debug_ranges  0x0000000000000240       0x18 ./RTE/Device/S6E2CCAJ0A/system_s6e2cc.o

.debug_macro    0x0000000000000000     0x2e69
 .debug_macro   0x0000000000000000      0x2d4 ./source/main.o
 .debug_macro   0x00000000000002d4      0xb50 ./source/main.o
 .debug_macro   0x0000000000000e24       0x1c ./source/main.o
 .debug_macro   0x0000000000000e40     0x1011 ./source/main.o
 .debug_macro   0x0000000000001e51      0x17b ./source/main.o
 .debug_macro   0x0000000000001fcc       0x89 ./source/main.o
 .debug_macro   0x0000000000002055       0x34 ./source/main.o
 .debug_macro   0x0000000000002089       0x35 ./source/main.o
 .debug_macro   0x00000000000020be      0x356 ./source/main.o
 .debug_macro   0x0000000000002414       0x43 ./source/main.o
 .debug_macro   0x0000000000002457      0x137 ./source/main.o
 .debug_macro   0x000000000000258e       0x10 ./source/main.o
 .debug_macro   0x000000000000259e      0x4cc ./source/main.o
 .debug_macro   0x0000000000002a6a      0x115 ./drivers/bt/bt.o
 .debug_macro   0x0000000000002b7f      0x123 ./drivers/interrupts_fm4_type_b.o
 .debug_macro   0x0000000000002ca2       0xf7 ./drivers/pdl.o
 .debug_macro   0x0000000000002d99       0xd0 ./RTE/Device/S6E2CCAJ0A/system_s6e2cc.o

.comment        0x0000000000000000       0x68
 .comment       0x0000000000000000       0x68 ./source/main.o
                                         0x69 (size before relaxing)
 .comment       0x0000000000000068       0x69 ./drivers/bt/bt.o
 .comment       0x0000000000000068       0x69 ./drivers/interrupts_fm4_type_b.o
 .comment       0x0000000000000068       0x69 ./drivers/pdl.o
 .comment       0x0000000000000068       0x69 ./RTE/Device/S6E2CCAJ0A/system_s6e2cc.o
